// Jest Snapshot v1, https://goo.gl/fbAQLP

exports[`TaggingElement render should render self, children 1`] = `"×Red ×Green ×Blue "`;
