// Jest Snapshot v1, https://goo.gl/fbAQLP

exports[`CallResthookComp render should render self 1`] = `
<div>
  my-resthook
</div>
`;
