// Jest Snapshot v1, https://goo.gl/fbAQLP

exports[`AddLabelsForm render should pass LabelsElement labels if they exist on the action 1`] = `
<Dialog
  buttons={
    Object {
      "primary": Object {
        "name": "Ok",
        "onClick": [Function],
      },
      "secondary": Object {
        "name": "Cancel",
        "onClick": [Function],
      },
    }
  }
  headerClass="send_broadcast"
  title="Send Broadcast"
>
  <TypeList
    __className=""
    initialType={
      Object {
        "component": [Function],
        "description": "Send somebody else a message",
        "form": [Function],
        "formHelper": SendBroadcastFormHelper {},
        "name": "Send Broadcast",
        "type": "send_broadcast",
      }
    }
    onChange={[MockFunction]}
  />
  <p
    data-spec="label"
  >
    Select the label(s) to apply to the incoming message.
  </p>
  <LabelsElement
    assets={
      LabelAssets {
        "assetType": "label",
        "assets": Object {},
        "endpoint": "/assets/labels.json",
        "idProperty": "uuid",
        "localStorage": true,
      }
    }
    entry={
      Object {
        "value": Array [
          Object {
            "id": "232b99d1-579f-4d7f-b750-4b034927e9f8",
            "name": "Help",
            "type": "label",
          },
          Object {
            "id": "ab58dffa-98da-40ba-bebc-489ec6ff7170",
            "name": "Feedback",
            "type": "label",
          },
        ],
      }
    }
    name="Labels"
    onChange={[Function]}
    placeholder="Enter the name of an existing label or create a new one"
    required={true}
    searchPromptText="Invalid label"
  />
</Dialog>
`;
