// Jest Snapshot v1, https://goo.gl/fbAQLP

exports[`AddURNForm renders 1`] = `
<body>
  <div>
    <div
      class="dialog"
    >
      <div
        class="header add_contact_urn"
      >
        <div
          class="title_container"
        >
          <div
            class="title"
          >
            Add URN
          </div>
          <div
            class="subtitle"
          />
        </div>
      </div>
      <div
        class="content"
      >
        <div
          class=" type_list"
        >
          <p>
            When a contact arrives at this point in your flow...
          </p>
          <div>
            <div
              class="normal "
            >
              <temba-select
                data-testid="temba_select_type"
                name="type"
                options="[{\\"name\\":\\"Send the contact a message\\",\\"value\\":\\"send_msg\\"},{\\"name\\":\\"Wait for the contact to respond\\",\\"value\\":\\"wait_for_response\\"},{\\"name\\":\\"Send somebody else a message\\",\\"value\\":\\"send_broadcast\\"},{\\"name\\":\\"Label the incoming message\\",\\"value\\":\\"add_input_labels\\"},{\\"name\\":\\"Add a URN for the contact\\",\\"value\\":\\"add_contact_urn\\"},{\\"name\\":\\"Add the contact to a group\\",\\"value\\":\\"add_contact_groups\\"},{\\"name\\":\\"Remove the contact from a group\\",\\"value\\":\\"remove_contact_groups\\"},{\\"name\\":\\"Update the contact\\",\\"value\\":\\"set_contact_field\\"},{\\"name\\":\\"Send an email\\",\\"value\\":\\"send_email\\"},{\\"name\\":\\"Save a result for this flow\\",\\"value\\":\\"set_run_result\\"},{\\"name\\":\\"Call a webhook\\",\\"value\\":\\"call_webhook\\"},{\\"name\\":\\"Call Zapier\\",\\"value\\":\\"call_resthook\\"},{\\"name\\":\\"Enter another flow\\",\\"value\\":\\"enter_flow\\"},{\\"name\\":\\"Start somebody else in a flow\\",\\"value\\":\\"start_session\\"},{\\"name\\":\\"Open a ticket with a human agent\\",\\"value\\":\\"open_ticket\\"},{\\"name\\":\\"Send the contact airtime\\",\\"value\\":\\"transfer_airtime\\"},{\\"name\\":\\"Split by intent\\",\\"value\\":\\"split_by_intent\\"},{\\"name\\":\\"Split by a custom expression\\",\\"value\\":\\"split_by_expression\\"},{\\"name\\":\\"Split by a contact field\\",\\"value\\":\\"split_by_contact_field\\"},{\\"name\\":\\"Split by a result in the flow\\",\\"value\\":\\"split_by_run_result\\"},{\\"name\\":\\"Split by random chance\\",\\"value\\":\\"split_by_random\\"},{\\"name\\":\\"Split by group membership\\",\\"value\\":\\"split_by_groups\\"},{\\"name\\":\\"Split by URN type\\",\\"value\\":\\"split_by_scheme\\"}]"
                searchable="true"
                values="[{\\"name\\":\\"Add a URN for the contact\\",\\"value\\":\\"add_contact_urn\\"}]"
              />
            </div>
          </div>
        </div>
        <p
          data-spec="label"
        >
          Add a new URN to reach the contact such as a phone number.
        </p>
        <div
          class="scheme_selection"
        >
          <div
            class="ele"
          >
            <div
              class="normal "
            >
              <temba-select
                data-testid="temba_select_urn_type"
                name="URN Type"
                options="[{\\"name\\":\\"Phone Number\\",\\"value\\":\\"tel\\"},{\\"name\\":\\"WhatsApp Number\\",\\"value\\":\\"whatsapp\\"},{\\"name\\":\\"Facebook\\",\\"value\\":\\"facebook\\"},{\\"name\\":\\"Twitter ID\\",\\"value\\":\\"twitterid\\"},{\\"name\\":\\"Telegram ID\\",\\"value\\":\\"telegram\\"},{\\"name\\":\\"Viber ID\\",\\"value\\":\\"viber\\"},{\\"name\\":\\"Line ID\\",\\"value\\":\\"line\\"},{\\"name\\":\\"Wechat ID\\",\\"value\\":\\"wechat\\"},{\\"name\\":\\"Firebase ID\\",\\"value\\":\\"fcm\\"},{\\"name\\":\\"Jiochat ID\\",\\"value\\":\\"jiochat\\"},{\\"name\\":\\"Freshchat ID\\",\\"value\\":\\"freshchat\\"},{\\"name\\":\\"Email Address\\",\\"value\\":\\"mailto\\"},{\\"name\\":\\"Twitter Handle\\",\\"value\\":\\"twitter\\"},{\\"name\\":\\"External ID\\",\\"value\\":\\"ext\\"}]"
                values="[{\\"name\\":\\"Phone Number\\",\\"value\\":\\"tel\\"}]"
              />
            </div>
          </div>
        </div>
        <div
          class="path"
        >
          <div
            class="ele"
          >
            <div
              class="wrapper"
            >
              <input
                class="textinput"
                data-spec="input"
                data-testid="input"
                maxlength="-1"
                name="URN"
                placeholder="Enter the URN value"
                type="text"
                value="+12065551212"
              />
              <div
                class="completion_container hidden"
                data-spec="completion-options"
                style="top: 0px; left: 0px;"
              >
                <div
                  class="options_wrapper"
                >
                  <ul
                    class="option_list"
                    data-spec="completion-list"
                  />
                  <div
                    class="help"
                    data-spec="completion-help"
                  >
                    Tab to complete, enter to select
                  </div>
                </div>
              </div>
            </div>
          </div>
        </div>
      </div>
      <div
        class="footer"
      >
        <div
          class="buttons"
        >
          <div
            class="right_buttons"
          >
            <div
              class="btn secondary  "
              style="margin-left: 0px; margin-top: 0px;"
            >
              Cancel
            </div>
            <div
              class="btn primary  "
              style="margin-left: 10px; margin-top: 0px;"
            >
              Ok
            </div>
          </div>
        </div>
      </div>
    </div>
  </div>
</body>
`;
