// Jest Snapshot v1, https://goo.gl/fbAQLP

exports[`UnicodeList render should render self, children with base props 1`] = `
<span
  data-spec="unicode-list-container"
>
   Note that your message may require more segments to send because it contains the following characters:
  <div
    className="unicodeList"
    data-spec="unicode-list"
  >
    <span
      className="unicodeChar"
      key="😎"
    >
      😎
    </span>
    <span
      className="unicodeChar"
      key="👍"
    >
      👍
    </span>
  </div>
</span>
`;
