// Jest Snapshot v1, https://goo.gl/fbAQLP

exports[`SetContactAttribForm render should render self, children with base props 1`] = `
<React.Fragment>
  <Connect(AttribElement)
    add={true}
    assets={
      FieldAssets {
        "assetType": "field",
        "assets": Object {
          "name": Object {
            "id": "name",
            "name": "Name",
            "type": "name",
          },
        },
        "endpoint": "/assets/fields.json",
        "idProperty": "key",
        "localStorage": true,
      }
    }
    helpText="Select an existing attribute to update or type any name to create a new one"
    name="Attribute"
    onChange={[Function]}
    required={true}
    showLabel={true}
  />
  <Connect(TextInputElement)
    autocomplete={true}
    helpText="The value to store can be any text you like. You can also reference other values that have been collected up to this point by typing @run.results or @webhook.json."
    name="Value"
    onChange={[Function]}
    showLabel={true}
    value="25"
  />
</React.Fragment>
`;
