// Jest Snapshot v1, https://goo.gl/fbAQLP

exports[`StartFlowComp render should render flow name 1`] = `
<React.Fragment>
  <div
    className="nodeAsset"
    key="start_flow-0"
  >
    <span
      className="nodeLabel fe-split"
    />
    Colors
  </div>
</React.Fragment>
`;
