// Jest Snapshot v1, https://goo.gl/fbAQLP

exports[`ConfigProvider > should provide config to child's context 1`] = `
Object {
  "endpoints": Object {
    "activity": "",
    "fields": "/assets/fields.json",
    "flows": "/assets/flows.json",
    "groups": "/assets/groups.json",
    "recipients": "/assets/recipients.json",
    "simulateResume": "",
    "simulateStart": "",
  },
  "flow": "a4f64f1b-85bc-477e-b706-de313a022979",
  "languages": Object {
    "eng": "English",
    "fre": "French",
    "spa": "Spanish",
  },
}
`;
