// Jest Snapshot v1, https://goo.gl/fbAQLP

exports[`StartSessionComp render should render a long list of both: ellipsized 1`] = `"<div class=\\"node\\"><div class=\\"to\\"><div class=\\"node_asset\\"><span class=\\"node_group fe-group\\"></span>Cat Facts</div><div class=\\"node_asset\\"><span class=\\"node_group fe-group\\"></span>Cat Fanciers</div><div class=\\"node_asset\\">Norbert Kwizera</div><div>...</div></div><div class=\\"flow\\"><div class=\\"node_asset\\"><span class=\\"node_label fe-split\\"></span><a href=\\"/flow/editor/flow_uuid\\" target=\\"_blank\\">Flow to Start</a></div></div></div>"`;

exports[`StartSessionComp render should render with contacts: contacts 1`] = `"<div class=\\"node\\"><div class=\\"to\\"><div class=\\"node_asset\\">Norbert Kwizera</div><div class=\\"node_asset\\">Kellan Alexander</div></div><div class=\\"flow\\"><div class=\\"node_asset\\"><span class=\\"node_label fe-split\\"></span><a href=\\"/flow/editor/flow_uuid\\" target=\\"_blank\\">Flow to Start</a></div></div></div>"`;

exports[`StartSessionComp render should render with groups: groups 1`] = `"<div class=\\"node\\"><div class=\\"to\\"><div class=\\"node_asset\\"><span class=\\"node_group fe-group\\"></span>Cat Facts</div><div class=\\"node_asset\\"><span class=\\"node_group fe-group\\"></span>Cat Fanciers</div></div><div class=\\"flow\\"><div class=\\"node_asset\\"><span class=\\"node_label fe-split\\"></span><a href=\\"/flow/editor/flow_uuid\\" target=\\"_blank\\">Flow to Start</a></div></div></div>"`;
