// Jest Snapshot v1, https://goo.gl/fbAQLP

exports[`FlowList helpers getFlowOption should return a FlowOption map 1`] = `
Object {
  "name": "Boring",
  "uuid": "boring",
}
`;

exports[`FlowList helpers getFlowOption should return a FlowOption map 2`] = `
Object {
  "name": "",
  "uuid": "",
}
`;

exports[`FlowList render should render select control 1`] = `
<div
  className="flowList select-small"
  data-spec="flow-list"
  id="flow-list"
>
  <Select
    arrowRenderer={[Function]}
    autosize={true}
    backspaceRemoves={true}
    backspaceToRemoveMessage="Press backspace to remove {label}"
    clearAllText="Clear all"
    clearRenderer={[Function]}
    clearValueText="Clear value"
    clearable={false}
    closeOnSelect={true}
    deleteRemoves={true}
    delimiter=","
    disabled={false}
    escapeClearsValue={true}
    filterOptions={[Function]}
    ignoreAccents={true}
    ignoreCase={true}
    inputProps={Object {}}
    isLoading={false}
    joinValues={false}
    labelKey="name"
    matchPos="any"
    matchProp="any"
    menuBuffer={0}
    menuRenderer={[Function]}
    multi={false}
    noResultsText="No results found"
    onBlurResetsInput={true}
    onChange={[Function]}
    onCloseResetsInput={true}
    onSelectResetsInput={true}
    openOnClick={true}
    optionComponent={[Function]}
    options={
      Array [
        Object {
          "name": "Boring",
          "type": "flow",
          "uuid": "boring",
        },
      ]
    }
    pageSize={5}
    placeholder="Select a flow..."
    removeSelected={true}
    required={false}
    rtl={false}
    scrollMenuIntoView={true}
    searchable={false}
    simpleValue={false}
    tabSelectsValue={true}
    trimFilter={true}
    value={
      Object {
        "name": "Boring",
        "uuid": "boring",
      }
    }
    valueComponent={[Function]}
    valueKey="uuid"
  />
</div>
`;
